teeth.sh: scratch root /tmp/surface1-teeth.YXILSfLd
SURFACE /1 ERRATA 0.3 — RUNNER TEETH
generated by errata-0.3/teeth/teeth.sh; every line below is an OBSERVED exit code
host SBCL: 2.4.6

case                               instrument             expect   observed verdict
----                               ----------             ------   -------- -------
T0-control                         all six                0        0        BITES
T1a-selftest-truncated             selftest               1        1        BITES
T1b-stub-truncated                 stub fixture           1        1        BITES
T1c-application-truncated          application            1        1        BITES
T1d-repro1-truncated               reproduction I         1        1        BITES
T1e-repro2-truncated               reproduction II        1        1        BITES
T1f-repro3-truncated               reproduction III       1        1        BITES
T2a-selftest-zero-checks           selftest               1        1        BITES
T2b-stub-zero-checks               stub fixture           1        1        BITES
T2c-application-zero-checks        application            1        1        BITES
T2d-repro1-zero-verdicts           reproduction I         1        1        BITES
T2e-repro2-zero-verdicts           reproduction II        1        1        BITES
T2f-repro3-zero-verdicts           reproduction III       1        1        BITES
T3a-selftest-crash                 selftest               1        1        BITES
T3b-stub-crash                     stub fixture           1        1        BITES
T3c-application-crash              application            1        1        BITES
T3d-repro1-crash                   reproduction I         1        1        BITES
T3e-repro2-crash                   reproduction II        1        1        BITES
T3f-repro3-crash                   reproduction III       1        1        BITES
T4a-selftest-renamed               selftest               1        1        BITES
T4b-stub-renamed                   stub fixture           1        1        BITES
T4c-application-renamed            application            1        1        BITES
T4d-repro1-renamed                 reproduction I         1        1        BITES
T4e-repro2-renamed                 reproduction II        1        1        BITES
T4f-repro3-renamed                 reproduction III       1        1        BITES
T5a-selftest-trailspace            selftest               1        1        BITES
T5b-stub-trailspace                stub fixture           1        1        BITES
T5c-application-trailspace         application            1        1        BITES
T5d-repro1-trailspace              reproduction I         1        1        BITES
T5e-repro2-trailspace              reproduction II        1        1        BITES
T5f-repro3-trailspace              reproduction III       1        1        BITES
T6a-selftest-check-fails           selftest               1        1        BITES
T6b-stub-check-fails               stub fixture           1        1        BITES
T6c-application-check-fails        application            1        1        BITES
T6d-repro1-subject-regressed       reproduction I         1        1        BITES
T6e-repro2-subject-regressed       reproduction II        1        1        BITES
T6f-repro3-subject-regressed       reproduction III       1        1        BITES
T7a-manifest-member-deleted        digest (runner)        2        2        BITES
T7b-manifest-deleted               digest (runner)        2        2        BITES
T7c-digest-script-deleted          digest (runner)        2        2        BITES
T7d-evidence-lisp-deleted          digest (runner)        2        2        BITES
T7e-repro3-absent                  runner required        2        2        BITES
T7f-manifest-names-a-transcript    digest (runner)        2        2        BITES

RESULT: every planted fault was refused.  0 holes.

Per-case transcripts: errata-0.3/teeth/OUT-<case>.txt (runner banner, exit code,
and the RUN-EXITCODES.txt block showing WHICH instrument's gate refused).
